[10:16:15] [main/INFO] [com.velocitypowered.proxy.VelocityServer]: Booting up Velocity 3.5.1...
[10:16:15] [main/INFO] [com.velocitypowered.proxy.network.ConnectionManager]: Connections will use NIO channels, Java compression, Java ciphers
[10:16:15] [main/WARN] [com.velocitypowered.proxy.config.VelocityConfiguration]: The proxy is running in offline mode! This is a security risk and you will NOT receive any support!
[10:16:15] [main/WARN] [com.velocitypowered.proxy.config.VelocityConfiguration]: Player info forwarding is disabled! All players will appear to be connecting from the proxy and will have offline-mode UUIDs.
[10:16:15] [main/INFO] [com.velocitypowered.proxy.VelocityServer]: Loading localizations...
[10:16:15] [main/INFO] [com.velocitypowered.proxy.VelocityServer]: Loading plugins...
[10:16:16] [main/INFO] [eaglerxserver]: Loading EaglercraftXServer 1.1.1...
[10:16:16] [main/INFO] [eaglerxserver]: (Platform: Velocity)
[10:16:16] [main/INFO] [eaglerxserver]: Server Name: "EaglercraftXServer"
[10:16:16] [main/ERROR] [eaglerxserver]: Could not load server icon: server-icon.png
javax.imageio.IIOException: Can't read input file!
	at java.desktop/javax.imageio.ImageIO.read(ImageIO.java:1308)
	at net.lax1dude.eaglercraft.backend.server.base.ServerIconLoader.loadServerIcon(ServerIconLoader.java:112)
	at net.lax1dude.eaglercraft.backend.server.base.ServerIconLoader$1.loadServerIcon(ServerIconLoader.java:51)
	at net.lax1dude.eaglercraft.backend.server.base.EaglerListener.<init>(EaglerListener.java:90)
	at net.lax1dude.eaglercraft.backend.server.base.EaglerListener.<init>(EaglerListener.java:58)
	at net.lax1dude.eaglercraft.backend.server.base.EaglerXServer.loadProxying(EaglerXServer.java:355)
	at net.lax1dude.eaglercraft.backend.server.base.EaglerXServer.load(EaglerXServer.java:339)
	at net.lax1dude.eaglercraft.backend.server.velocity.PlatformPluginVelocity.<init>(PlatformPluginVelocity.java:256)
	at net.lax1dude.eaglercraft.backend.server.velocity.PlatformPluginVelocity$$FastClassByGuice$$69831.GUICE$TRAMPOLINE(<generated>)
	at net.lax1dude.eaglercraft.backend.server.velocity.PlatformPluginVelocity$$FastClassByGuice$$69831.apply(<generated>)
	at com.google.inject.internal.DefaultConstructionProxyFactory$FastClassProxy.newInstance(DefaultConstructionProxyFactory.java:82)
	at com.google.inject.internal.ConstructorInjector.provision(ConstructorInjector.java:114)
	at com.google.inject.internal.ConstructorInjector.construct(ConstructorInjector.java:91)
	at com.google.inject.internal.ConstructorBindingImpl$Factory.get(ConstructorBindingImpl.java:300)
	at com.google.inject.internal.ProviderToInternalFactoryAdapter.get(ProviderToInternalFactoryAdapter.java:40)
	at com.google.inject.internal.SingletonScope$1.get(SingletonScope.java:169)
	at com.google.inject.internal.InternalFactoryToProviderAdapter.get(InternalFactoryToProviderAdapter.java:45)
	at com.google.inject.internal.InjectorImpl$1.get(InjectorImpl.java:1148)
	at com.google.inject.internal.InjectorImpl.getInstance(InjectorImpl.java:1186)
	at com.velocitypowered.proxy.plugin.loader.java.JavaPluginLoader.createPlugin(JavaPluginLoader.java:127)
	at com.velocitypowered.proxy.plugin.VelocityPluginManager.loadPlugins(VelocityPluginManager.java:173)
	at com.velocitypowered.proxy.VelocityServer.loadPlugins(VelocityServer.java:438)
	at com.velocitypowered.proxy.VelocityServer.start(VelocityServer.java:309)
	at com.velocitypowered.proxy.Velocity.main(Velocity.java:71)
[10:16:16] [main/INFO] [com.velocitypowered.proxy.plugin.VelocityPluginManager]: Loaded plugin eaglerxserver 1.1.1 by lax1dude
[10:16:16] [main/INFO] [com.velocitypowered.proxy.plugin.VelocityPluginManager]: Loaded plugin viaversion 5.11.0 by _MylesC, creeper123123321, Gerrygames, kennytv, Matsv, EnZaXD, RK_01
[10:16:16] [main/INFO] [com.velocitypowered.proxy.plugin.VelocityPluginManager]: Loaded plugin viabackwards 5.11.0 by Matsv, kennytv, Gerrygames, creeper123123321, ForceUpdate1, EnZaXD
[10:16:16] [main/INFO] [com.velocitypowered.proxy.plugin.VelocityPluginManager]: Loaded plugin viarewind 4.1.3 by EnZaXD, Gerrygames, creeper123123321
[10:16:16] [main/INFO] [com.velocitypowered.proxy.VelocityServer]: Loaded 5 plugins
[10:16:16] [EaglercraftXServer - Task Executor #0/WARN] [com.velocitypowered.proxy.network.ConnectionManager]: The server channel initializer has been replaced by java.base/jdk.internal.reflect.DirectMethodHandleAccessor.invoke(DirectMethodHandleAccessor.java:103)
[10:16:16] [EaglercraftXServer - Task Executor #0/INFO] [eaglerxserver]: Enabling EaglercraftXServer 1.1.1...
[10:16:16] [EaglercraftXServer - Task Executor #0/INFO] [eaglerxserver]: Connecting to skin cache database "jdbc:sqlite:eagler_skins_cache.db"...
[10:16:16] [EaglercraftXServer - Task Executor #0/INFO] [eaglerxserver]: Connected to skin cache database successfully!
[10:16:17] [EaglercraftXServer - Task Executor #1/INFO] [eaglerxserver]: Reloaded certificate: C:\Users\geg\Documents\random\mc\build\FabricLauncher-win32-x64\resources\app\minecraft-server\plugins\eaglerxserver\eagcert\$dl.34268c6e7b2a2336a2821b0171d290d6dd455cba.cert
[10:16:17] [EaglercraftXServer - Task Executor #1/WARN] [eaglerxserver]: Update certificate was loaded: $dl.34268c6e7b2a2336a2821b0171d290d6dd455cba.cert
[10:16:18] [Via-Mappingloader-1/INFO] [viaversion]: Loading block connection mappings ...
[10:16:18] [Netty NIO Worker #0/INFO] [eaglerxserver]: Refreshed update certificate: https://deev.is/eagler/backup.cert
[10:16:18] [Netty NIO Worker #1/INFO] [eaglerxserver]: You are running the latest version of EaglerXServer
[10:16:19] [EaglercraftXServer - Task Executor #0/INFO] [viaversion]: Replacing channel initializers; you can safely ignore the following two warnings.
[10:16:19] [EaglercraftXServer - Task Executor #0/WARN] [com.velocitypowered.proxy.network.ConnectionManager]: The server channel initializer has been replaced by java.base/jdk.internal.reflect.DirectMethodHandleAccessor.invoke(DirectMethodHandleAccessor.java:103)
[10:16:19] [EaglercraftXServer - Task Executor #0/WARN] [com.velocitypowered.proxy.network.ConnectionManager]: The backend channel initializer has been replaced by java.base/jdk.internal.reflect.DirectMethodHandleAccessor.invoke(DirectMethodHandleAccessor.java:103)
[10:16:19] [EaglercraftXServer - Task Executor #0/INFO] [viabackwards]: Loading translations...
[10:16:19] [EaglercraftXServer - Task Executor #0/INFO] [viabackwards]: Registering protocols...
[10:16:19] [EaglercraftXServer - Task Executor #0/INFO] [viarewind]: Registering protocols...
[10:16:19] [EaglercraftXServer - Task Executor #0/INFO] [viaversion]: ViaVersion detected lowest supported version by the proxy: 1.7.2-1.7.5 (4)
[10:16:19] [EaglercraftXServer - Task Executor #0/INFO] [viaversion]: Highest supported version by the proxy: 26.2 (776)
[10:16:19] [Netty NIO Boss #0/INFO] [eaglerxserver]: Listener "listener0" injected into channel [id: 0x22055386, L:/127.0.0.1:25566] successfully (Velocity method)
[10:16:19] [Netty NIO Boss #0/INFO] [com.velocitypowered.proxy.network.ConnectionManager]: Listening on /127.0.0.1:25566
[10:16:19] [main/INFO] [com.velocitypowered.proxy.Velocity]: Done (5.04s)!
[10:16:20] [ViaVersion - Task Executor #0/INFO] [viaversion]: Finished mapping loading, shutting down loader executor.
