[19:20:01] [main/INFO]: Loading Minecraft 1.21.11 with Fabric Loader 0.19.4
[19:20:01] [main/INFO]: Loading 62 mods:
	- axiom 5.4.2
	   |-- com_moulberry_axiomclientapi 1.0.87
	   |-- com_moulberry_mixinconstraints 1.0.9
	   \-- lattice 1.3.0
	- fabric-api 0.141.6+1.21.11
	   |-- fabric-api-base 1.0.5+4ebb5c083e
	   |-- fabric-api-lookup-api-v1 1.6.114+20dc27073e
	   |-- fabric-biome-api-v1 17.1.1+4fc5413f3e
	   |-- fabric-block-api-v1 1.1.10+4ebb5c083e
	   |-- fabric-block-view-api-v2 1.0.39+4ebb5c083e
	   |-- fabric-command-api-v2 2.4.7+6b42a6003e
	   |-- fabric-content-registries-v0 10.2.14+4fc5413f3e
	   |-- fabric-convention-tags-v1 2.1.55+7f945d5b3e
	   |-- fabric-convention-tags-v2 2.17.3+8ef948ba3e
	   |-- fabric-crash-report-info-v1 0.3.23+4ebb5c083e
	   |-- fabric-data-attachment-api-v1 1.8.48+eed0806f3e
	   |-- fabric-data-generation-api-v1 23.5.0+88d7da613e
	   |-- fabric-dimensions-v1 4.0.28+4fc5413f3e
	   |-- fabric-entity-events-v1 3.1.1+1d0ab4303e
	   |-- fabric-events-interaction-v0 4.1.1+3b89ecf63e
	   |-- fabric-game-rule-api-v1 2.0.3+4fc5413f3e
	   |-- fabric-item-api-v1 11.6.0+67f17bb43e
	   |-- fabric-item-group-api-v1 4.2.36+4fc5413f3e
	   |-- fabric-key-binding-api-v1 1.1.7+4fc5413f3e
	   |-- fabric-lifecycle-events-v1 2.6.15+4ebb5c083e
	   |-- fabric-loot-api-v2 3.0.73+3f89f5a53e
	   |-- fabric-loot-api-v3 2.0.20+78c8b4663e
	   |-- fabric-message-api-v1 6.1.12+4ebb5c083e
	   |-- fabric-model-loading-api-v1 6.0.15+4fc5413f3e
	   |-- fabric-networking-api-v1 5.1.6+6b6d71a53e
	   |-- fabric-object-builder-api-v1 21.1.40+4fc5413f3e
	   |-- fabric-particles-v1 4.2.12+4fc5413f3e
	   |-- fabric-recipe-api-v1 8.2.4+4ebb5c083e
	   |-- fabric-registry-sync-v0 6.2.6+1718722b3e
	   |-- fabric-renderer-api-v1 8.0.3+f4ffd2e53e
	   |-- fabric-renderer-indigo 5.0.3+f4ffd2e53e
	   |-- fabric-rendering-fluids-v1 3.1.43+4ebb5c083e
	   |-- fabric-rendering-v1 16.2.10+0290ad933e
	   |-- fabric-resource-conditions-api-v1 5.0.35+4fc5413f3e
	   |-- fabric-resource-loader-v0 3.3.4+4fc5413f3e
	   |-- fabric-resource-loader-v1 1.0.10+78c8b4663e
	   |-- fabric-screen-api-v1 3.1.7+4ebb5c083e
	   |-- fabric-screen-handler-api-v1 1.3.162+4fc5413f3e
	   |-- fabric-serialization-api-v1 1.0.5+4ebb5c083e
	   |-- fabric-sound-api-v1 1.0.51+4fc5413f3e
	   |-- fabric-tag-api-v1 1.3.0+88d7da613e
	   |-- fabric-transfer-api-v1 6.0.25+4fc5413f3e
	   \-- fabric-transitive-access-wideners-v1 7.1.0+014c8cec3e
	- fabricloader 0.19.4
	   \-- mixinextras 0.5.4
	- ferritecore 8.2.0
	- funstuff 1.0.0
	- iris 1.10.7+mc1.21.11
	   |-- io_github_douira_glsl-transformer 3.0.0-pre3
	   |-- org_anarres_jcpp 1.4.14
	   \-- org_antlr_antlr4-runtime 4.13.1
	- java 21
	- minecraft 1.21.11
	- modmenu 17.0.0
	- norealms 1.0-SNAPSHOT
	- placeholder-api 2.8.2+1.21.10
	- sodium 0.8.7+mc1.21.11
[19:20:02] [main/INFO]: SpongePowered MIXIN Subsystem Version=0.8.7 Source=file:/C:/Users/geg/Documents/random/mc/dist/FabricLauncher-win32-x64/resources/app/libraries/net/fabricmc/sponge-mixin/0.17.4+mixin.0.8.7/sponge-mixin-0.17.4+mixin.0.8.7.jar Service=Knot/Fabric Env=CLIENT
[19:20:02] [main/INFO]: Loading Mixin Plugin for Axiom/5.4.2
[19:20:02] [main/WARN]: Reference map 'iris.refmap.json' for mixins.iris.json could not be read. If this is a development environment you can ignore this message
[19:20:02] [main/WARN]: Reference map 'iris-fabric.refmap.json' for mixins.iris.fabric.json could not be read. If this is a development environment you can ignore this message
[19:20:02] [main/WARN]: Reference map 'iris.refmap.json' for mixins.iris.fantastic.json could not be read. If this is a development environment you can ignore this message
[19:20:02] [main/WARN]: Reference map 'iris.refmap.json' for mixins.iris.vertexformat.json could not be read. If this is a development environment you can ignore this message
[19:20:02] [main/WARN]: Reference map 'iris.refmap.json' for mixins.iris.bettermipmaps.json could not be read. If this is a development environment you can ignore this message
[19:20:02] [main/WARN]: Reference map 'iris.refmap.json' for mixins.iris.compat.sodium.json could not be read. If this is a development environment you can ignore this message
[19:20:02] [main/WARN]: Reference map 'iris.refmap.json' for mixins.iris.fixes.maxfpscrash.json could not be read. If this is a development environment you can ignore this message
[19:20:02] [main/INFO]: Loaded configuration file for Sodium: 35 options available, 1 override(s) found
[19:20:02] [main/WARN]: Error loading class: me/jellysquid/mods/sodium/client/render/chunk/DefaultChunkRenderer (java.lang.ClassNotFoundException: me/jellysquid/mods/sodium/client/render/chunk/DefaultChunkRenderer)
[19:20:03] [main/WARN]: Force-disabling mixin 'features.render.world.sky.LevelRendererMixin' as rule 'mixin.features.render.world.sky' (added by mods [iris]) disables it and children
[19:20:03] [main/INFO]: Searching for graphics cards...
[19:20:04] [main/INFO]: Found graphics adapter: AdapterInfo{vendor=NVIDIA, description='NVIDIA GeForce GTX 1660 Ti', adapterType=0x00000313, openglIcdFilePath='C:\WINDOWS\System32\DriverStore\FileRepository\nv_dispi.inf_amd64_0373d825005116d0\nvoglv64.dll', openglIcdVersion=32.0.16.1088}
[19:20:04] [main/INFO]: Found graphics adapter: AdapterInfo{vendor=NVIDIA, description='NVIDIA GeForce RTX 3060', adapterType=0x0000031B, openglIcdFilePath='C:\WINDOWS\System32\DriverStore\FileRepository\nv_dispi.inf_amd64_0373d825005116d0\nvoglv64.dll', openglIcdVersion=32.0.16.1088}
[19:20:04] [main/WARN]: Sodium has applied one or more workarounds to prevent crashes or other issues on your system: [NVIDIA_THREADED_OPTIMIZATIONS_BROKEN]
[19:20:04] [main/WARN]: This is not necessarily an issue, but it may result in certain features or optimizations being disabled. You can sometimes fix these issues by upgrading your graphics driver.
[19:20:04] [main/INFO]: Initializing MixinExtras via com.llamalad7.mixinextras.service.MixinExtrasServiceImpl(version=0.5.4).
[19:20:05] [Datafixer Bootstrap/INFO]: 287 Datafixer optimizations took 623 milliseconds
[19:20:12] [main/INFO]: Completely ignored arguments: [--userType, mojang]
[19:20:12] [Render thread/INFO]: Environment: Environment[sessionHost=https://sessionserver.mojang.com, servicesHost=https://api.minecraftservices.com, profilesHost=https://api.mojang.com, name=PROD]
[19:20:12] [Render thread/INFO]: Setting user: Player
[19:20:12] [Render thread/INFO]: Initializing Axiom/5.4.2
[19:20:13] [Download-2/ERROR]: Failed to fetch user properties
com.mojang.authlib.exceptions.InvalidCredentialsException: Status: 401
	at knot//com.mojang.authlib.exceptions.MinecraftClientHttpException.toAuthenticationException(MinecraftClientHttpException.java:59)
	at knot//com.mojang.authlib.yggdrasil.YggdrasilUserApiService.fetchProperties(YggdrasilUserApiService.java:150)
	at knot//net.minecraft.class_310.method_55608(class_310.java:457)
	at java.base/java.util.concurrent.CompletableFuture$AsyncSupply.run(CompletableFuture.java:1768)
	at java.base/java.util.concurrent.ThreadPoolExecutor.runWorker(ThreadPoolExecutor.java:1144)
	at java.base/java.util.concurrent.ThreadPoolExecutor$Worker.run(ThreadPoolExecutor.java:642)
	at java.base/java.lang.Thread.run(Thread.java:1583)
Caused by: com.mojang.authlib.exceptions.MinecraftClientHttpException: Status: 401
	at knot//com.mojang.authlib.minecraft.client.MinecraftClient.readInputStream(MinecraftClient.java:103)
	at knot//com.mojang.authlib.minecraft.client.MinecraftClient.get(MinecraftClient.java:56)
	at knot//com.mojang.authlib.yggdrasil.YggdrasilUserApiService.fetchProperties(YggdrasilUserApiService.java:121)
	... 5 more
[19:20:14] [Render thread/INFO]: Initializing Fun Stuff Mod for Minecraft 1.21.11!
[19:20:14] [Render thread/INFO]: Registered Fun Stuff Blocks!
[19:20:14] [Render thread/INFO]: Registered Fun Stuff Items!
[19:20:14] [Render thread/INFO]: Fun Stuff Mod successfully initialized!
[19:20:14] [Render thread/INFO]: [Indigo] Different rendering plugin detected; not applying Indigo.
[19:20:14] [Render thread/INFO]: Checking mod updates...
[19:20:14] [ForkJoinPool.commonPool-worker-2/WARN]: [Iris Update Check] This version doesn't have an update index, skipping.
[19:20:14] [Render thread/INFO]: Backend library: LWJGL version 3.3.3-snapshot
[19:20:14] [Worker-Main-1/INFO]: Update available for 'sodium@0.8.7+mc1.21.11', (-> mc1.21.11-0.8.13-fabric)
[19:20:14] [Render thread/INFO]: Modifying process environment to apply workarounds for the NVIDIA graphics driver...
[19:20:15] [Render thread/INFO]: Debug functionality is disabled.
[19:20:15] [Render thread/INFO]: ARB_direct_state_access detected, enabling DSA.
[19:20:15] [Render thread/INFO]: Shaders are disabled because enableShaders is set to false in iris.properties
[19:20:15] [Render thread/INFO]: OpenGL Vendor: NVIDIA Corporation
[19:20:15] [Render thread/INFO]: OpenGL Renderer: NVIDIA GeForce RTX 3060/PCIe/SSE2
[19:20:15] [Render thread/INFO]: OpenGL Version: 3.3.0 NVIDIA 610.88
[19:20:15] [Render thread/INFO]: Modifying OpenGL context to apply workarounds for the NVIDIA graphics driver...
[19:20:15] [Render thread/INFO]: Enabling GL_DEBUG_OUTPUT_SYNCHRONOUS to force the NVIDIA driver to disable threaded command submission
[19:20:15] [Render thread/INFO]: Using optional rendering extensions: GL_ARB_buffer_storage, GL_KHR_debug, GL_ARB_vertex_attrib_binding, GL_ARB_direct_state_access, GL_EXT_texture_filter_anisotropic
[19:20:16] [Render thread/INFO]: Hardware information:
[19:20:16] [Render thread/INFO]: CPU: 16x 11th Gen Intel(R) Core(TM) i9-11900K @ 3.50GHz
[19:20:16] [Render thread/INFO]: GPU: NVIDIA GeForce RTX 3060/PCIe/SSE2 (Supports OpenGL 3.3.0 NVIDIA 610.88)
[19:20:16] [Render thread/INFO]: OS: Windows 11 (10.0)
[19:20:16] [Render thread/INFO]: Reloading ResourceManager: vanilla, axiom, fabric-api, fabric-api-base, fabric-api-lookup-api-v1, fabric-biome-api-v1, fabric-block-api-v1, fabric-block-view-api-v2, fabric-command-api-v2, fabric-content-registries-v0, fabric-convention-tags-v1, fabric-convention-tags-v2, fabric-crash-report-info-v1, fabric-data-attachment-api-v1, fabric-data-generation-api-v1, fabric-dimensions-v1, fabric-entity-events-v1, fabric-events-interaction-v0, fabric-game-rule-api-v1, fabric-item-api-v1, fabric-item-group-api-v1, fabric-key-binding-api-v1, fabric-lifecycle-events-v1, fabric-loot-api-v2, fabric-loot-api-v3, fabric-message-api-v1, fabric-model-loading-api-v1, fabric-networking-api-v1, fabric-object-builder-api-v1, fabric-particles-v1, fabric-recipe-api-v1, fabric-registry-sync-v0, fabric-renderer-api-v1, fabric-renderer-indigo, fabric-rendering-fluids-v1, fabric-rendering-v1, fabric-resource-conditions-api-v1, fabric-resource-loader-v0, fabric-resource-loader-v1, fabric-screen-api-v1, fabric-screen-handler-api-v1, fabric-serialization-api-v1, fabric-sound-api-v1, fabric-tag-api-v1, fabric-transfer-api-v1, fabric-transitive-access-wideners-v1, fabricloader, funstuff, iris, lattice, modmenu, placeholder-api, sodium
[19:20:16] [Download-1/INFO]: Could not authorize you against Realms server: java.lang.RuntimeException: Failed to parse into SignedJWT: 0
[19:20:16] [Download-1/ERROR]: Failed to fetch Realms feature flags
net.minecraft.class_4355: Realms authentication error with message 'java.lang.RuntimeException: Failed to parse into SignedJWT: 0'
	at knot//net.minecraft.class_4341.method_20998(class_4341.java:526)
	at knot//net.minecraft.class_4341.method_68466(class_4341.java:186)
	at java.base/java.util.concurrent.CompletableFuture$AsyncSupply.run(CompletableFuture.java:1768)
	at java.base/java.util.concurrent.ThreadPoolExecutor.runWorker(ThreadPoolExecutor.java:1144)
	at java.base/java.util.concurrent.ThreadPoolExecutor$Worker.run(ThreadPoolExecutor.java:642)
	at java.base/java.lang.Thread.run(Thread.java:1583)
[19:20:17] [Worker-Main-5/INFO]: Found unifont_all_no_pua-17.0.01.hex, loading
[19:20:17] [Worker-Main-11/INFO]: Found unifont_pua-17.0.01.hex, loading
[19:20:17] [Worker-Main-10/INFO]: Found unifont_jp_patch-17.0.01.hex, loading
[19:20:19] [Worker-Main-10/WARN]: Missing texture references in model minecraft:block/moving_piston:
    particle
[19:20:19] [Worker-Main-10/WARN]: Missing texture references in model minecraft:block/structure_void:
    particle
[19:20:19] [Render thread/INFO]: OpenAL initialized on device OpenAL Soft on Speakers (High Definition Audio Device)
[19:20:19] [Render thread/INFO]: Sound engine started
[19:20:19] [Render thread/INFO]: Created: 512x256x0 minecraft:textures/atlas/particles.png-atlas
[19:20:19] [Render thread/INFO]: Created: 128x128x0 minecraft:textures/atlas/decorated_pot.png-atlas
[19:20:19] [Render thread/INFO]: Created: 2048x1024x0 minecraft:textures/atlas/armor_trims.png-atlas
[19:20:19] [Render thread/INFO]: Created: 512x256x0 minecraft:textures/atlas/paintings.png-atlas
[19:20:19] [Render thread/INFO]: Created: 1024x512x0 minecraft:textures/atlas/shield_patterns.png-atlas
[19:20:19] [Render thread/INFO]: Created: 2048x2048x4 minecraft:textures/atlas/blocks.png-atlas
[19:20:19] [Render thread/INFO]: Created: 512x512x0 minecraft:textures/atlas/chest.png-atlas
[19:20:19] [Render thread/INFO]: Created: 256x128x0 minecraft:textures/atlas/celestials.png-atlas
[19:20:19] [Render thread/INFO]: Created: 1024x512x0 minecraft:textures/atlas/banner_patterns.png-atlas
[19:20:19] [Render thread/INFO]: Created: 512x512x0 minecraft:textures/atlas/beds.png-atlas
[19:20:19] [Render thread/INFO]: Created: 1024x512x0 minecraft:textures/atlas/items.png-atlas
[19:20:19] [Render thread/INFO]: Created: 1024x1024x0 minecraft:textures/atlas/gui.png-atlas
[19:20:19] [Render thread/INFO]: Created: 128x64x0 minecraft:textures/atlas/map_decorations.png-atlas
[19:20:19] [Render thread/INFO]: Created: 512x256x0 minecraft:textures/atlas/signs.png-atlas
[19:20:19] [Render thread/INFO]: Created: 512x512x0 minecraft:textures/atlas/shulker_boxes.png-atlas
[19:20:20] [Render thread/INFO]: Creating pipeline for dimension minecraft:overworld
[19:20:20] [IO-Worker-1/INFO]: Could not authorize you against Realms server: java.lang.RuntimeException: Failed to parse into SignedJWT: 0
[19:20:20] [IO-Worker-1/ERROR]: Couldn't connect to realms
net.minecraft.class_4355: Realms authentication error with message 'java.lang.RuntimeException: Failed to parse into SignedJWT: 0'
	at knot//net.minecraft.class_4341.method_20998(class_4341.java:526)
	at knot//net.minecraft.class_4341.method_21027(class_4341.java:307)
	at knot//net.minecraft.class_8647.method_52627(class_8647.java:48)
	at java.base/java.util.concurrent.CompletableFuture$AsyncSupply.run(CompletableFuture.java:1768)
	at java.base/java.util.concurrent.ThreadPoolExecutor.runWorker(ThreadPoolExecutor.java:1144)
	at java.base/java.util.concurrent.ThreadPoolExecutor$Worker.run(ThreadPoolExecutor.java:642)
	at java.base/java.lang.Thread.run(Thread.java:1583)
[19:20:22] [Render thread/INFO]: Using DearImGui config: config\axiom\imgui.ini
[19:20:25] [Render thread/WARN]: Warning! Mod norealms has a broken icon, loading default icon
[19:20:32] [Render thread/INFO]: Loaded 1470 recipes
[19:20:32] [Render thread/INFO]: Loaded 1584 advancements
[19:20:32] [Render thread/INFO]: Applied 0 biome modifications to 0 of 65 new biomes in 1.794 ms
[19:20:32] [Server thread/INFO]: Starting integrated minecraft server version 1.21.11
[19:20:32] [Server thread/INFO]: Generating keypair
[19:20:32] [Server thread/INFO]: Loading 0 persistent chunks...
[19:20:32] [Server thread/INFO]: Preparing spawn area: 16%
[19:20:33] [Server thread/INFO]: Loading 49 chunks for player spawn...
[19:20:33] [Server thread/INFO]: Preparing spawn area: 16%
[19:20:33] [Server thread/INFO]: Preparing spawn area: 50%
[19:20:34] [Server thread/INFO]: Time elapsed: 1197 ms
[19:20:34] [Server thread/INFO]: Player[local:E:d2dbafd7] logged in with entity id 19 at (202.75580896993438, -58.0, 121.51251126631011)
[19:20:34] [Server thread/INFO]: Player joined the game
[19:20:34] [Server thread/INFO]: Changing view distance to 6, from 10
[19:20:34] [Server thread/INFO]: Changing simulation distance to 8, from 0
[19:20:34] [Render thread/INFO]: Started 10 worker threads
[19:20:35] [Render thread/INFO]: Loaded 136 advancements
[19:20:35] [Render thread/INFO]: Resizing Dynamic Transforms UBO, capacity limit of 2 reached during a single frame. New capacity will be 4.
[19:20:35] [Render thread/INFO]: Resizing Dynamic Transforms UBO, capacity limit of 4 reached during a single frame. New capacity will be 8.
[19:20:36] [Render thread/INFO]: [System] [CHAT] [Axiom] Tip: Access the Axiom config by running /axiomconfig
[19:21:17] [Render thread/INFO]: Loaded 157 advancements
[19:21:46] [Server thread/INFO]: [Player: Summoned new Cow]
[19:21:46] [Render thread/INFO]: [System] [CHAT] Summoned new Cow
[19:22:17] [Render thread/INFO]: Loaded 160 advancements
[19:23:13] [Render thread/INFO]: Resizing Dynamic Transforms UBO, capacity limit of 8 reached during a single frame. New capacity will be 16.
[19:23:39] [Server thread/INFO]: Saving and pausing game...
[19:23:39] [Server thread/INFO]: Saving chunks for level 'ServerLevel[New World]'/minecraft:overworld
[19:23:39] [Server thread/INFO]: Saving chunks for level 'ServerLevel[New World]'/minecraft:the_nether
[19:23:39] [Server thread/INFO]: Saving chunks for level 'ServerLevel[New World]'/minecraft:the_end
[19:24:04] [Server thread/INFO]: Named entity class_1472['jeb_'/181, l='ServerLevel[New World]', x=221.57, y=-60.00, z=143.16] died: jeb_ fell from a high place
[19:24:20] [Server thread/INFO]: Named entity class_1472['jeb_'/185, l='ServerLevel[New World]', x=223.72, y=-60.00, z=150.56] died: jeb_ fell from a high place
[19:24:31] [Server thread/INFO]: Named entity class_1472['jeb_'/184, l='ServerLevel[New World]', x=238.21, y=-60.00, z=139.16] died: jeb_ fell from a high place
[19:24:35] [Server thread/INFO]: Named entity class_1472['jeb_'/142, l='ServerLevel[New World]', x=236.16, y=-55.00, z=129.27] died: jeb_ fell from a high place
[19:24:50] [Server thread/INFO]: Player has made the advancement [Surge Protector]
[19:24:50] [Render thread/INFO]: [System] [CHAT] Player has made the advancement [Surge Protector]
[19:24:50] [Render thread/INFO]: Loaded 160 advancements
[19:25:23] [Server thread/INFO]: Named entity class_1472['jeb_'/251, l='ServerLevel[New World]', x=225.73, y=-60.00, z=102.52] died: jeb_ fell from a high place
[19:25:34] [Server thread/INFO]: Named entity class_1472['jeb_'/180, l='ServerLevel[New World]', x=224.22, y=-60.00, z=108.24] died: jeb_ fell from a high place
[19:25:39] [Server thread/INFO]: Named entity class_1472['jeb_'/250, l='ServerLevel[New World]', x=224.85, y=-60.00, z=120.85] died: jeb_ fell from a high place
[19:25:43] [Server thread/INFO]: Named entity class_1472['jeb_'/143, l='ServerLevel[New World]', x=205.73, y=-60.00, z=139.78] died: jeb_ fell from a high place
[19:26:00] [Render thread/INFO]: Loaded 163 advancements
[19:26:03] [Render thread/INFO]: Loaded 166 advancements
[19:26:36] [Render thread/INFO]: Destroying pipeline minecraft:overworld
[19:26:36] [Render thread/INFO]: Shaders are disabled because enableShaders is set to false in iris.properties
[19:26:36] [Render thread/INFO]: Creating pipeline for dimension minecraft:overworld
[19:26:36] [Render thread/INFO]: [System] [CHAT] Shaders Reloaded!
[19:26:36] [Render thread/INFO]: Destroying pipeline minecraft:overworld
[19:26:36] [Render thread/INFO]: Shaders are disabled because enableShaders is set to false in iris.properties
[19:26:36] [Render thread/INFO]: Creating pipeline for dimension minecraft:overworld
[19:26:36] [Render thread/INFO]: [System] [CHAT] Shaders Reloaded!
[19:27:18] [Server thread/INFO]: Saving and pausing game...
[19:27:18] [Server thread/INFO]: Saving chunks for level 'ServerLevel[New World]'/minecraft:overworld
[19:27:18] [Server thread/INFO]: Saving chunks for level 'ServerLevel[New World]'/minecraft:the_nether
[19:27:18] [Server thread/INFO]: Saving chunks for level 'ServerLevel[New World]'/minecraft:the_end
[19:38:50] [Server thread/INFO]: Saving and pausing game...
[19:38:50] [Server thread/INFO]: Saving chunks for level 'ServerLevel[New World]'/minecraft:overworld
[19:38:50] [Server thread/INFO]: Saving chunks for level 'ServerLevel[New World]'/minecraft:the_nether
[19:38:50] [Server thread/INFO]: Saving chunks for level 'ServerLevel[New World]'/minecraft:the_end
[19:38:50] [Server thread/INFO]: Player lost connection: Disconnected
[19:38:50] [Server thread/INFO]: Player left the game
[19:38:50] [Server thread/INFO]: Stopping singleplayer server as player logged out
[19:38:50] [Server thread/INFO]: Stopping server
[19:38:50] [Server thread/INFO]: Saving players
[19:38:50] [Server thread/INFO]: Saving worlds
[19:38:50] [Server thread/INFO]: Saving chunks for level 'ServerLevel[New World]'/minecraft:overworld
[19:38:50] [Server thread/INFO]: Saving chunks for level 'ServerLevel[New World]'/minecraft:the_nether
[19:38:50] [Server thread/INFO]: Saving chunks for level 'ServerLevel[New World]'/minecraft:the_end
[19:38:50] [Server thread/INFO]: ThreadedAnvilChunkStorage (New World): All chunks are saved
[19:38:50] [Server thread/INFO]: ThreadedAnvilChunkStorage (DIM-1): All chunks are saved
[19:38:50] [Server thread/INFO]: ThreadedAnvilChunkStorage (DIM1): All chunks are saved
[19:38:50] [Server thread/INFO]: ThreadedAnvilChunkStorage: All dimensions are saved
[19:38:50] [Render thread/INFO]: Stopping worker threads
[19:38:53] [Render thread/INFO]: Loaded 1470 recipes
[19:38:53] [Render thread/INFO]: Loaded 1584 advancements
[19:38:53] [Render thread/INFO]: Applied 0 biome modifications to 0 of 65 new biomes in 376.6 μs
[19:38:53] [Server thread/INFO]: Starting integrated minecraft server version 1.21.11
[19:38:53] [Server thread/INFO]: Generating keypair
[19:38:54] [Server thread/INFO]: Loading 0 persistent chunks...
[19:38:54] [Server thread/INFO]: Loading 49 chunks for player spawn...
[19:38:54] [Server thread/INFO]: Preparing spawn area: 16%
[19:38:54] [Server thread/INFO]: Time elapsed: 263 ms
[19:38:54] [Server thread/INFO]: Player[local:E:a507c0ab] logged in with entity id 526 at (205.88859954529732, -58.75081292125532, 101.93549789141439)
[19:38:54] [Server thread/INFO]: Player joined the game
[19:38:54] [Render thread/INFO]: Started 10 worker threads
[19:38:54] [Server thread/INFO]: Changing view distance to 6, from 10
[19:38:54] [Server thread/INFO]: Changing simulation distance to 8, from 0
[19:38:54] [Render thread/INFO]: Loaded 166 advancements
[19:38:54] [Render thread/INFO]: [System] [CHAT] [Axiom] Tip: Access the Axiom config by running /axiomconfig
[19:38:57] [Server thread/INFO]: Saving and pausing game...
[19:38:57] [Server thread/INFO]: Saving chunks for level 'ServerLevel[New World]'/minecraft:overworld
[19:38:57] [Server thread/INFO]: Saving chunks for level 'ServerLevel[New World]'/minecraft:the_nether
[19:38:57] [Server thread/INFO]: Saving chunks for level 'ServerLevel[New World]'/minecraft:the_end
[19:38:58] [Server thread/INFO]: Player lost connection: Disconnected
[19:38:58] [Server thread/INFO]: Player left the game
[19:38:58] [Server thread/INFO]: Stopping singleplayer server as player logged out
[19:38:58] [Server thread/INFO]: Stopping server
[19:38:58] [Server thread/INFO]: Saving players
[19:38:58] [Server thread/INFO]: Saving worlds
[19:38:58] [Server thread/INFO]: Saving chunks for level 'ServerLevel[New World]'/minecraft:overworld
[19:38:58] [Server thread/INFO]: Saving chunks for level 'ServerLevel[New World]'/minecraft:the_nether
[19:38:58] [Server thread/INFO]: Saving chunks for level 'ServerLevel[New World]'/minecraft:the_end
[19:38:58] [Server thread/INFO]: ThreadedAnvilChunkStorage (New World): All chunks are saved
[19:38:58] [Server thread/INFO]: ThreadedAnvilChunkStorage (DIM-1): All chunks are saved
[19:38:58] [Server thread/INFO]: ThreadedAnvilChunkStorage (DIM1): All chunks are saved
[19:38:58] [Server thread/INFO]: ThreadedAnvilChunkStorage: All dimensions are saved
[19:38:58] [Render thread/INFO]: Stopping worker threads
[19:39:00] [Render thread/INFO]: Loaded 1470 recipes
[19:39:00] [Render thread/INFO]: Loaded 1584 advancements
